../Core/Src/main.c:116:6:HAL_UART_RxCpltCallback	32	static,ignoring_inline_asm
../Core/Src/main.c:125:6:NEXTION_SendString	72	static
../Core/Src/main.c:138:5:main	8	static
../Core/Src/main.c:239:6:SystemClock_Config	96	static
../Core/Src/main.c:289:13:MX_NVIC_Init	8	static
../Core/Src/main.c:301:13:MX_ADC1_Init	48	static
../Core/Src/main.c:368:13:MX_I2C1_Init	8	static
../Core/Src/main.c:416:13:MX_USART1_UART_Init	8	static
../Core/Src/main.c:451:13:MX_USART2_UART_Init	8	static
../Core/Src/main.c:486:13:MX_GPIO_Init	40	static
../Core/Src/main.c:521:6:StartDefaultTask	16	static
../Core/Src/main.c:559:6:StartNexDisplay	104	static
../Core/Src/main.c:624:6:StartAccelGyro	24	static
../Core/Src/main.c:655:6:StartVisEffect	16	static
../Core/Src/main.c:674:6:HAL_TIM_PeriodElapsedCallback	16	static
../Core/Src/main.c:691:6:Error_Handler	4	static,ignoring_inline_asm
