../Core/Src/main.c:77:6:NEXTION_SendString	16	static
../Core/Src/main.c:87:7:ADC_ReadVoltage	16	static
../Core/Src/main.c:100:6:BatteryVoltage_Status	72	static
../Core/Src/main.c:125:6:Fan_Control	8	static
../Core/Src/main.c:142:6:HAL_UART_RxCpltCallback	16	static
../Core/Src/main.c:152:6:Scheduler	8	static
../Core/Src/main.c:203:5:main	8	static
../Core/Src/main.c:262:6:SystemClock_Config	96	static
../Core/Src/main.c:312:13:MX_NVIC_Init	8	static
../Core/Src/main.c:327:13:MX_ADC1_Init	48	static
../Core/Src/main.c:394:13:MX_IWDG_Init	8	static
../Core/Src/main.c:423:13:MX_USART1_UART_Init	8	static
../Core/Src/main.c:458:13:MX_USART2_UART_Init	8	static
../Core/Src/main.c:493:13:MX_GPIO_Init	48	static
../Core/Src/main.c:529:6:Error_Handler	4	static,ignoring_inline_asm
