../Core/Src/main.c:105:6:HAL_UART_RxCpltCallback	32	static,ignoring_inline_asm
../Core/Src/main.c:114:6:NEXTION_SendString	72	static
../Core/Src/main.c:127:5:main	8	static
../Core/Src/main.c:222:6:SystemClock_Config	96	static
../Core/Src/main.c:272:13:MX_NVIC_Init	8	static
../Core/Src/main.c:284:13:MX_ADC1_Init	48	static
../Core/Src/main.c:351:13:MX_I2C1_Init	8	static
../Core/Src/main.c:399:13:MX_USART1_UART_Init	8	static
../Core/Src/main.c:434:13:MX_USART2_UART_Init	8	static
../Core/Src/main.c:469:13:MX_GPIO_Init	40	static
../Core/Src/main.c:504:6:StartDefaultTask	16	static
../Core/Src/main.c:542:6:StartNexDisplay	104	static
../Core/Src/main.c:607:6:StartAccelGyro	24	static
../Core/Src/main.c:639:6:HAL_TIM_PeriodElapsedCallback	16	static
../Core/Src/main.c:656:6:Error_Handler	4	static,ignoring_inline_asm
