../Core/Src/main.c:122:6:HAL_UART_RxCpltCallback	32	static,ignoring_inline_asm
../Core/Src/main.c:131:6:NEXTION_SendString	72	static
../Core/Src/main.c:174:5:main	8	static
../Core/Src/main.c:273:6:SystemClock_Config	88	static
../Core/Src/main.c:321:13:MX_ADC1_Init	24	static
../Core/Src/main.c:373:13:MX_I2C1_Init	8	static
../Core/Src/main.c:407:13:MX_USART1_UART_Init	8	static
../Core/Src/main.c:440:13:MX_USART2_UART_Init	8	static
../Core/Src/main.c:473:13:MX_GPIO_Init	40	static
../Core/Src/main.c:515:6:StartDefaultTask	16	static
../Core/Src/main.c:554:6:StartNextion	104	static
../Core/Src/main.c:618:6:StartAccel	24	static
../Core/Src/main.c:650:6:StartVisEffect	16	static
../Core/Src/main.c:670:6:HAL_TIM_PeriodElapsedCallback	16	static
../Core/Src/main.c:687:6:Error_Handler	4	static,ignoring_inline_asm
