../Core/Src/main.c:106:6:NEXTION_SendString	16	static
../Core/Src/main.c:119:6:send_task2	4	static
../Core/Src/main.c:129:5:main	8	static
../Core/Src/main.c:234:6:SystemClock_Config	88	static
../Core/Src/main.c:282:13:MX_ADC1_Init	24	static
../Core/Src/main.c:334:13:MX_USART1_UART_Init	8	static
../Core/Src/main.c:367:13:MX_USART2_UART_Init	8	static
../Core/Src/main.c:400:13:MX_GPIO_Init	40	static
../Core/Src/main.c:451:6:StartDefaultTask	16	static
../Core/Src/main.c:470:6:Task2_init	48	static
../Core/Src/main.c:509:6:Task3_init	16	static
../Core/Src/main.c:530:6:Task4_init	200	static
../Core/Src/main.c:624:6:HAL_TIM_PeriodElapsedCallback	16	static
../Core/Src/main.c:639:6:Error_Handler	4	static,ignoring_inline_asm
