../Core/Src/ws2812b.c:46:13:ws2812b_gpio_init	40	static
../Core/Src/ws2812b.c:79:13:TIM1_init	24	static
../Core/Src/ws2812b.c:138:13:DMA2_init	16	static
../Core/Src/ws2812b.c:235:13:loadNextFramebufferData	48	static
../Core/Src/ws2812b.c:250:13:WS2812_sendbuf	16	static
../Core/Src/ws2812b.c:297:6:DMA_TransferError	24	static
../Core/Src/ws2812b.c:304:6:DMA_TransferHalfHandler	32	static
../Core/Src/ws2812b.c:330:6:DMA_TransferCompleteHandler	24	static
../Core/Src/ws2812b.c:392:6:DMA2_Stream2_IRQHandler	8	static
../Core/Src/ws2812b.c:407:6:TIM1_UP_TIM10_IRQHandler	8	static
../Core/Src/ws2812b.c:474:13:ws2812b_set_pixel	40	static
../Core/Src/ws2812b.c:642:6:ws2812b_init	8	static
../Core/Src/ws2812b.c:659:6:ws2812b_handle	8	static
